// Jest Snapshot v1, https://goo.gl/fbAQLP

exports[`Minimap component should render properly 1`] = `
.c0 {
  position: -webkit-sticky;
  position: sticky;
  display: block;
  z-index: 999;
  left: NaNpx;
  width: 130px;
  bottom: 115px;
  opacity: 0.4;
  -webkit-transition: opacity 400ms ease-in-out;
  transition: opacity 400ms ease-in-out;
}

.c0:hover {
  opacity: 1;
  -webkit-transition-delay: 0ms;
  transition-delay: 0ms;
}

.c1 {
  position: absolute;
  display: block;
  left: 0;
  background: #ffffff;
  height: 4.6rem;
  box-shadow: 0 .4rem .6rem .3rem rgba(51,51,51,0.1);
  z-index: 999;
  border-radius: .4rem;
}

.c3 {
  width: 30px;
  cursor: pointer;
  margin: .8rem .25rem;
  height: 3rem;
  background: #dfe4e9;
  z-index: 999;
}

.c2 {
  display: -webkit-box;
  display: -webkit-flex;
  display: -ms-flexbox;
  display: flex;
  -webkit-flex-direction: row;
  -ms-flex-direction: row;
  flex-direction: row;
  width: 130px;
  z-index: 999;
}

.c2 > div:nth-child(1) {
  margin-left: .8rem;
}

.c2 > div:last-child {
  margin-right: .8rem;
}

.c6 {
  overflow: visible;
  font-size: 2.4rem;
  -webkit-transition: all 100ms linear;
  transition: all 100ms linear;
  cursor: inherit;
}

.c6 * {
  fill-opacity: 1;
  -webkit-transition: all 100ms linear;
  transition: all 100ms linear;
  fill: #607890;
}

.c4 {
  width: 30px;
  left: 8px;
  cursor: pointer;
  height: 4.6rem;
  padding: 1.3rem 0;
  position: absolute;
  display: -webkit-box;
  display: -webkit-flex;
  display: -ms-flexbox;
  display: flex;
  top: 0;
  z-index: 9999;
}

.c4 .c5 * {
  fill: #126AFA;
}

.c4:hover .c5 * {
  fill: #0D4AAF;
}

.c4:active .c5 * {
  fill: #09357D;
}

.c4 .c5 {
  position: absolute;
  left: -.4rem;
}

.c4 .c5:nth-child(2) {
  left: 1rem;
}

<div>
  <tr
    class="c0"
  >
    <td
      class="c1"
    >
      <div
        class="c2"
      >
        <div
          class="c3"
        />
        <div
          class="c3"
        />
        <div
          class="c3"
        />
        <div
          class="c3"
        />
        <div
          class="c3"
        />
      </div>
      <div
        class="c4"
      >
        <svg
          class="c5 c6"
          fill="none"
          height="1em"
          viewBox="0 0 24 24"
          width="1em"
          xmlns="http://www.w3.org/2000/svg"
        >
          <path
            d="M18.791 11.005H7.621l4.88-4.88c.39-.39.39-1.03 0-1.42a.996.996 0 0 0-1.41 0l-6.59 6.59a.996.996 0 0 0 0 1.41l6.59 6.59a.996.996 0 1 0 1.41-1.41l-4.88-4.88h11.17c.55 0 1-.45 1-1s-.45-1-1-1z"
            fill="#000"
            fill-opacity=".54"
          />
        </svg>
        <svg
          class="c5 c6"
          fill="none"
          height="1em"
          viewBox="0 0 24 24"
          width="1em"
          xmlns="http://www.w3.org/2000/svg"
        >
          <path
            d="M5.209 13h11.17l-4.88 4.88c-.39.39-.39 1.03 0 1.42.39.39 1.02.39 1.41 0l6.59-6.59a.996.996 0 0 0 0-1.41l-6.58-6.6a.996.996 0 0 0-1.41 0 .996.996 0 0 0 0 1.41l4.87 4.89H5.209c-.55 0-1 .45-1 1s.45 1 1 1z"
            fill="#000"
            fill-opacity=".54"
          />
        </svg>
      </div>
    </td>
  </tr>
</div>
`;
