// Jest Snapshot v1, https://goo.gl/fbAQLP

exports[`SingleSelect component should render correctly with all the props given 1`] = `
.c2 {
  font-size: 14px;
  font-weight: 400;
  color: #616161;
  margin: 0px 8px 0px 0px;
  cursor: default;
}

.c2::after {
  color: red;
  content: ' *';
}

.c12 {
  font-size: 14px;
  font-weight: 400;
  color: grey;
}

.c3 {
  grid-area: label;
  -webkit-align-self: center;
  -ms-flex-item-align: center;
  align-self: center;
  -webkit-user-select: none;
  -moz-user-select: none;
  -ms-user-select: none;
  user-select: none;
}

.c13 {
  grid-area: description;
  margin: 5px 0px 0px 2px;
  color: grey;
}

.c6 {
  margin: 8px 8px 8px 0px;
  display: inline-grid;
  grid-template-areas: 'label' 'field' 'description';
  grid-template-columns: auto;
  grid-template-areas: 'field' 'description';
}

.c6 .c15 {
  display: -webkit-inline-box;
  display: -webkit-inline-flex;
  display: -ms-inline-flexbox;
  display: inline-flex;
  -webkit-align-items: flex-start;
  -webkit-box-align: flex-start;
  -ms-flex-align: flex-start;
  align-items: flex-start;
  -webkit-flex-direction: column;
  -ms-flex-direction: column;
  flex-direction: column;
}

.c1 {
  margin: 8px 0px;
  display: grid;
  min-width: 300px;
  grid-template-columns: minmax(max-content,25%) minmax(auto,80%);
  grid-template-areas: 'label field' 'random description';
}

.c1 .c15 {
  display: -webkit-box;
  display: -webkit-flex;
  display: -ms-flexbox;
  display: flex;
  -webkit-align-items: center;
  -webkit-box-align: center;
  -ms-flex-align: center;
  align-items: center;
  -webkit-flex-direction: row;
  -ms-flex-direction: row;
  flex-direction: row;
}

.c7 {
  display: -webkit-box;
  display: -webkit-flex;
  display: -ms-flexbox;
  display: flex;
  background-clip: padding-box;
  box-sizing: border-box;
  border: 1px solid #E0E0E0;
  border-radius: 5px;
  overflow: hidden;
}

.c7:focus-within {
  border-color: #012040;
}

.c7 > * {
  padding: 8px;
  font-size: 14px;
  font-weight: 400;
  color: #616161;
}

.c9 {
  -webkit-flex: 1;
  -ms-flex: 1;
  flex: 1;
  outline: 0;
  border: 0;
  cursor: not-allowed;
  background-color: #E0E0E0;
}

.c9::-webkit-input-placeholder {
  color: #9E9E9E;
}

.c9::-moz-placeholder {
  color: #9E9E9E;
}

.c9:-ms-input-placeholder {
  color: #9E9E9E;
}

.c9::placeholder {
  color: #9E9E9E;
}

.c9::-webkit-file-upload-button {
  visibility: hidden;
}

.c4 {
  display: -webkit-inline-box;
  display: -webkit-inline-flex;
  display: -ms-inline-flexbox;
  display: inline-flex;
  position: relative;
  -webkit-flex-direction: column-reverse;
  -ms-flex-direction: column-reverse;
  flex-direction: column-reverse;
}

.c4 .c16 {
  top: calc(100% + 5px);
  -webkit-align-self: center;
  -ms-flex-item-align: center;
  align-self: center;
}

.c10 {
  font-size: 16px;
  cursor: pointer;
}

.c10 * {
  fill: #616161;
}

.c14 .c0 {
  margin: 0px;
  -webkit-flex: 1;
  -ms-flex: 1;
  flex: 1;
}

.c14 .c0 .c8 {
  margin: 0px;
  border: none;
  background-color: transparent;
}

.c5 {
  border: 1px solid #E0E0E0;
  background-color: #E0E0E0;
  cursor: not-allowed;
  border-radius: 4px;
  box-sizing: border-box;
  overflow: hidden;
  height: 35px;
  min-width: 150px;
  display: -webkit-inline-box;
  display: -webkit-inline-flex;
  display: -ms-inline-flexbox;
  display: inline-flex;
  display: -webkit-inline-box;
  display: -webkit-inline-flex;
  display: -ms-inline-flexbox;
  display: inline-flex;
  -webkit-box-pack: center;
  -webkit-justify-content: center;
  -ms-flex-pack: center;
  justify-content: center;
  -webkit-align-items: center;
  -webkit-box-align: center;
  -ms-flex-align: center;
  align-items: center;
  width: calc(100% - 0px);
}

.c5 .c0 {
  margin: 0px;
  -webkit-flex: 1;
  -ms-flex: 1;
  flex: 1;
}

.c5 .c0 .c8 {
  margin: 0px;
  border: none;
  background-color: transparent;
}

.c5 * {
  cursor: not-allowed;
}

.c11 {
  -webkit-flex: 1;
  -ms-flex: 1;
  flex: 1;
  max-width: 20px;
  margin-right: 8px;
  font-size: 10px;
}

<div>
  <div
    class="c0 c1"
    id="medly-singleSelect-field"
  >
    <label
      class="c2 c3"
      for="medly-singleSelect"
      required=""
    >
      Pharmacy
    </label>
    <div
      class="c4"
      id="medly-popover-wrapper"
    >
      <div
        class="c5"
        disabled=""
      >
        <div
          class="c0 c6"
          id="medly-singleSelect-input-field"
        >
          
          <div
            class="c7"
          >
            <input
              autocomplete="off"
              class="c8 c9"
              disabled=""
              id="medly-singleSelect-input"
              placeholder="Please Select"
              required=""
              type="text"
              value="All"
            />
          </div>
          
        </div>
        <svg
          class="c10 c11"
          height="1em"
          theme="[object Object]"
          viewBox="0 0 12 8"
          width="1em"
          xmlns="http://www.w3.org/2000/svg"
        >
          <path
            d="M9.88 1.29L6 5.17 2.12 1.29A.996.996 0 1 0 .71 2.7L5.3 7.29c.39.39 1.02.39 1.41 0L11.3 2.7a.996.996 0 0 0 0-1.41c-.39-.38-1.03-.39-1.42 0z"
          />
        </svg>
      </div>
    </div>
    <span
      class="c12 c13"
    >
      We will show reports based on Pharmacy
    </span>
  </div>
</div>
`;

exports[`SingleSelect component should render correctly with default props 1`] = `
.c1 {
  margin: 8px 8px 8px 0px;
  display: inline-grid;
  grid-template-columns: minmax(max-content,25%) minmax(auto,80%);
  grid-template-areas: 'label field' 'random description';
  grid-template-columns: auto;
  grid-template-areas: 'field' 'description';
}

.c1 .c10 {
  display: -webkit-inline-box;
  display: -webkit-inline-flex;
  display: -ms-inline-flexbox;
  display: inline-flex;
  -webkit-align-items: center;
  -webkit-box-align: center;
  -ms-flex-align: center;
  align-items: center;
  -webkit-flex-direction: row;
  -ms-flex-direction: row;
  flex-direction: row;
}

.c4 {
  margin: 8px 8px 8px 0px;
  display: inline-grid;
  grid-template-areas: 'label' 'field' 'description';
  grid-template-columns: auto;
  grid-template-areas: 'field' 'description';
}

.c4 .c10 {
  display: -webkit-inline-box;
  display: -webkit-inline-flex;
  display: -ms-inline-flexbox;
  display: inline-flex;
  -webkit-align-items: flex-start;
  -webkit-box-align: flex-start;
  -ms-flex-align: flex-start;
  align-items: flex-start;
  -webkit-flex-direction: column;
  -ms-flex-direction: column;
  flex-direction: column;
}

.c5 {
  display: -webkit-box;
  display: -webkit-flex;
  display: -ms-flexbox;
  display: flex;
  background-clip: padding-box;
  box-sizing: border-box;
  border: 1px solid #E0E0E0;
  border-radius: 5px;
  overflow: hidden;
}

.c5:focus-within {
  border-color: #012040;
}

.c5 > * {
  padding: 8px;
  font-size: 14px;
  font-weight: 400;
  color: #616161;
}

.c7 {
  -webkit-flex: 1;
  -ms-flex: 1;
  flex: 1;
  outline: 0;
  border: 0;
  cursor: inherit;
  background-color: #ffffff;
}

.c7::-webkit-input-placeholder {
  color: #9E9E9E;
}

.c7::-moz-placeholder {
  color: #9E9E9E;
}

.c7:-ms-input-placeholder {
  color: #9E9E9E;
}

.c7::placeholder {
  color: #9E9E9E;
}

.c7::-webkit-file-upload-button {
  visibility: hidden;
}

.c2 {
  display: -webkit-inline-box;
  display: -webkit-inline-flex;
  display: -ms-inline-flexbox;
  display: inline-flex;
  position: relative;
  -webkit-flex-direction: column-reverse;
  -ms-flex-direction: column-reverse;
  flex-direction: column-reverse;
}

.c2 .c11 {
  top: calc(100% + 5px);
  -webkit-align-self: center;
  -ms-flex-item-align: center;
  align-self: center;
}

.c8 {
  font-size: 16px;
  cursor: pointer;
}

.c8 * {
  fill: #616161;
}

.c3 {
  border: 1px solid #E0E0E0;
  background-color: #ffffff;
  cursor: pointer;
  border-radius: 4px;
  box-sizing: border-box;
  overflow: hidden;
  height: 35px;
  min-width: 150px;
  display: -webkit-inline-box;
  display: -webkit-inline-flex;
  display: -ms-inline-flexbox;
  display: inline-flex;
  display: -webkit-inline-box;
  display: -webkit-inline-flex;
  display: -ms-inline-flexbox;
  display: inline-flex;
  -webkit-box-pack: center;
  -webkit-justify-content: center;
  -ms-flex-pack: center;
  justify-content: center;
  -webkit-align-items: center;
  -webkit-box-align: center;
  -ms-flex-align: center;
  align-items: center;
}

.c3 .c0 {
  margin: 0px;
  -webkit-flex: 1;
  -ms-flex: 1;
  flex: 1;
}

.c3 .c0 .c6 {
  margin: 0px;
  border: none;
  background-color: transparent;
}

.c3 * {
  cursor: pointer;
}

.c9 {
  -webkit-flex: 1;
  -ms-flex: 1;
  flex: 1;
  max-width: 20px;
  margin-right: 8px;
  font-size: 10px;
}

<div>
  <div
    class="c0 c1"
    id="medly-singleSelect-field"
  >
    
    <div
      class="c2"
      id="medly-popover-wrapper"
    >
      <div
        class="c3"
      >
        <div
          class="c0 c4"
          id="medly-singleSelect-input-field"
        >
          
          <div
            class="c5"
          >
            <input
              autocomplete="off"
              class="c6 c7"
              id="medly-singleSelect-input"
              placeholder="Please Select . . ."
              type="text"
              value=""
            />
          </div>
          
        </div>
        <svg
          class="c8 c9"
          height="1em"
          theme="[object Object]"
          viewBox="0 0 12 8"
          width="1em"
          xmlns="http://www.w3.org/2000/svg"
        >
          <path
            d="M9.88 1.29L6 5.17 2.12 1.29A.996.996 0 1 0 .71 2.7L5.3 7.29c.39.39 1.02.39 1.41 0L11.3 2.7a.996.996 0 0 0 0-1.41c-.39-.38-1.03-.39-1.42 0z"
          />
        </svg>
      </div>
    </div>
    
  </div>
</div>
`;
