// Jest Snapshot v1, https://goo.gl/fbAQLP

exports[`Input component should render correctly when fullWidth & required props are falsy 1`] = `
.c1 {
  font-size: 14px;
  font-weight: 400;
  color: #616161;
  margin: 0px 8px 0px 0px;
  cursor: default;
}

.c5 {
  font-size: 14px;
  font-weight: 400;
  color: inherit;
}

.c2 {
  grid-area: label;
  -webkit-align-self: center;
  -ms-flex-item-align: center;
  align-self: center;
  -webkit-user-select: none;
  -moz-user-select: none;
  -ms-user-select: none;
  user-select: none;
}

.c6 {
  grid-area: description;
  margin: 5px 0px 0px 2px;
  color: #818A91;
}

.c0 {
  margin: 8px 8px 8px 0px;
  display: inline-grid;
  grid-template-columns: minmax(max-content,25%) minmax(auto,80%);
  grid-template-areas: 'label field' 'random description';
}

.c0 .c7 {
  display: -webkit-inline-box;
  display: -webkit-inline-flex;
  display: -ms-inline-flexbox;
  display: inline-flex;
  -webkit-align-items: center;
  -webkit-box-align: center;
  -ms-flex-align: center;
  align-items: center;
  -webkit-flex-direction: row;
  -ms-flex-direction: row;
  flex-direction: row;
}

.c3 {
  display: -webkit-box;
  display: -webkit-flex;
  display: -ms-flexbox;
  display: flex;
  background-clip: padding-box;
  box-sizing: border-box;
  border: 1px solid #E0E0E0;
  border-radius: 5px;
  overflow: hidden;
}

.c3:focus-within {
  border-color: #012040;
}

.c3 > * {
  padding: 8px;
  font-size: 14px;
  font-weight: 400;
  color: #616161;
}

.c4 {
  -webkit-flex: 1;
  -ms-flex: 1;
  flex: 1;
  outline: 0;
  border: 0;
  cursor: inherit;
  background-color: #ffffff;
}

.c4::-webkit-input-placeholder {
  color: #9E9E9E;
}

.c4::-moz-placeholder {
  color: #9E9E9E;
}

.c4:-ms-input-placeholder {
  color: #9E9E9E;
}

.c4::placeholder {
  color: #9E9E9E;
}

.c4::-webkit-file-upload-button {
  visibility: hidden;
}

<div>
  <div
    class="c0"
    id="medly-input-field"
  >
    <label
      class="c1 c2"
      for="medly-input"
    >
      Email Address
    </label>
    <div
      class="c3"
    >
      <input
        class="c4"
        id="medly-input"
        placeholder="Enter Email Address"
        type="email"
      />
    </div>
    <span
      class="c5 c6"
    >
      We will never share your email with anyone
    </span>
  </div>
</div>
`;

exports[`Input component should render correctly when it is disabled 1`] = `
.c0 {
  margin: 8px 8px 8px 0px;
  display: inline-grid;
  grid-template-areas: 'label' 'field' 'description';
  grid-template-columns: auto;
  grid-template-areas: 'field' 'description';
}

.c0 .c3 {
  display: -webkit-inline-box;
  display: -webkit-inline-flex;
  display: -ms-inline-flexbox;
  display: inline-flex;
  -webkit-align-items: flex-start;
  -webkit-box-align: flex-start;
  -ms-flex-align: flex-start;
  align-items: flex-start;
  -webkit-flex-direction: column;
  -ms-flex-direction: column;
  flex-direction: column;
}

.c1 {
  display: -webkit-box;
  display: -webkit-flex;
  display: -ms-flexbox;
  display: flex;
  background-clip: padding-box;
  box-sizing: border-box;
  border: 1px solid #E0E0E0;
  border-radius: 5px;
  overflow: hidden;
}

.c1:focus-within {
  border-color: #012040;
}

.c1 > * {
  padding: 8px;
  font-size: 14px;
  font-weight: 400;
  color: #616161;
}

.c2 {
  -webkit-flex: 1;
  -ms-flex: 1;
  flex: 1;
  outline: 0;
  border: 0;
  cursor: not-allowed;
  background-color: #E0E0E0;
}

.c2::-webkit-input-placeholder {
  color: #9E9E9E;
}

.c2::-moz-placeholder {
  color: #9E9E9E;
}

.c2:-ms-input-placeholder {
  color: #9E9E9E;
}

.c2::placeholder {
  color: #9E9E9E;
}

.c2::-webkit-file-upload-button {
  visibility: hidden;
}

<div>
  <div
    class="c0"
    id="email-input-field"
  >
    
    <div
      class="c1"
    >
      <input
        class="c2"
        disabled=""
        id="email-input"
        placeholder="Enter Email Address"
        type="text"
      />
    </div>
    
  </div>
</div>
`;

exports[`Input component should render correctly when label and description are not given 1`] = `
.c0 {
  margin: 8px 8px 8px 0px;
  display: inline-grid;
  grid-template-areas: 'label' 'field' 'description';
  grid-template-columns: auto;
  grid-template-areas: 'field' 'description';
}

.c0 .c3 {
  display: -webkit-inline-box;
  display: -webkit-inline-flex;
  display: -ms-inline-flexbox;
  display: inline-flex;
  -webkit-align-items: flex-start;
  -webkit-box-align: flex-start;
  -ms-flex-align: flex-start;
  align-items: flex-start;
  -webkit-flex-direction: column;
  -ms-flex-direction: column;
  flex-direction: column;
}

.c1 {
  display: -webkit-box;
  display: -webkit-flex;
  display: -ms-flexbox;
  display: flex;
  background-clip: padding-box;
  box-sizing: border-box;
  border: 1px solid #E0E0E0;
  border-radius: 5px;
  overflow: hidden;
}

.c1:focus-within {
  border-color: #012040;
}

.c1 > * {
  padding: 8px;
  font-size: 14px;
  font-weight: 400;
  color: #616161;
}

.c2 {
  -webkit-flex: 1;
  -ms-flex: 1;
  flex: 1;
  outline: 0;
  border: 0;
  cursor: inherit;
  background-color: #ffffff;
}

.c2::-webkit-input-placeholder {
  color: #9E9E9E;
}

.c2::-moz-placeholder {
  color: #9E9E9E;
}

.c2:-ms-input-placeholder {
  color: #9E9E9E;
}

.c2::placeholder {
  color: #9E9E9E;
}

.c2::-webkit-file-upload-button {
  visibility: hidden;
}

<div>
  <div
    class="c0"
    id="email-input-field"
  >
    
    <div
      class="c1"
    >
      <input
        class="c2"
        id="email-input"
        placeholder="Enter Email Address"
        type="email"
      />
    </div>
    
  </div>
</div>
`;

exports[`Input component should render correctly with all the props given 1`] = `
.c1 {
  font-size: 14px;
  font-weight: 400;
  color: #616161;
  margin: 0px 0px 8px 0px;
  cursor: default;
}

.c1::after {
  color: red;
  content: ' *';
}

.c7 {
  font-size: 14px;
  font-weight: 400;
  color: grey;
}

.c2 {
  grid-area: label;
  -webkit-align-self: center;
  -ms-flex-item-align: center;
  align-self: center;
  -webkit-user-select: none;
  -moz-user-select: none;
  -ms-user-select: none;
  user-select: none;
}

.c8 {
  grid-area: description;
  margin: 5px 0px 0px 2px;
  color: grey;
}

.c0 {
  margin: 8px 0px;
  display: grid;
  grid-template-areas: 'label' 'field' 'description';
}

.c0 .c9 {
  display: -webkit-box;
  display: -webkit-flex;
  display: -ms-flexbox;
  display: flex;
  -webkit-align-items: flex-start;
  -webkit-box-align: flex-start;
  -ms-flex-align: flex-start;
  align-items: flex-start;
  -webkit-flex-direction: column;
  -ms-flex-direction: column;
  flex-direction: column;
}

.c3 {
  display: -webkit-box;
  display: -webkit-flex;
  display: -ms-flexbox;
  display: flex;
  background-clip: padding-box;
  box-sizing: border-box;
  border: 1px solid #E0E0E0;
  border-radius: 5px;
  overflow: hidden;
}

.c3:focus-within {
  border-color: #012040;
}

.c3 > * {
  padding: 8px;
  font-size: 14px;
  font-weight: 400;
  color: #616161;
}

.c5 {
  -webkit-flex: 1;
  -ms-flex: 1;
  flex: 1;
  outline: 0;
  border: 0;
  cursor: inherit;
  background-color: #ffffff;
  width: calc(100% - 0px);
}

.c5::-webkit-input-placeholder {
  color: #9E9E9E;
}

.c5::-moz-placeholder {
  color: #9E9E9E;
}

.c5:-ms-input-placeholder {
  color: #9E9E9E;
}

.c5::placeholder {
  color: #9E9E9E;
}

.c5::-webkit-file-upload-button {
  visibility: hidden;
}

.c4 {
  background-color: #EEEEEE;
}

.c6 {
  background-color: #EEEEEE;
}

<div>
  <div
    class="c0"
    id="email-input-field"
  >
    <label
      class="c1 c2"
      for="email-input"
      required=""
    >
      Email Address
    </label>
    <div
      class="c3"
    >
      <span
        class="c4"
      >
        www.
      </span>
      <input
        class="c5"
        id="email-input"
        placeholder="Enter Email Address"
        required=""
        type="email"
      />
      <span
        class="c6"
      >
        .com
      </span>
    </div>
    <span
      class="c7 c8"
    >
      We will never share your email with anyone
    </span>
  </div>
</div>
`;
